// Jest Snapshot v1, https://goo.gl/fbAQLP

exports[`test hello-world 1`] = `
<h1>
  Hello World
</h1>
`;
